
> test-example@0.1.0 build
> next build

Γû▓ Next.js 16.1.1 (Turbopack)
- Environments: .env
- Experiments (use with caution):
  ┬╖ serverActions

ΓÜá The "middleware" file convention is deprecated. Please use "proxy" instead. Learn more: https://nextjs.org/docs/messages/middleware-to-proxy
  Creating an optimized production build ...

> Build error occurred
Error: Turbopack build failed with 3 errors:
./src/app/(dashboard)/dashboard/programming/[problemId]/CodeWorkspace.tsx:172:11
Parsing ecmascript source code failed
  170 |               disabled={isRunning || isSubmitting}
  171 |               className={`flex items-center gap-2 px-3 py-1 rounded text-xs font-bold transition-all ${isRunning ? 'opacity-50' : 'bg-white dark:bg-zinc-800 text-zinc-700 dark:text-zinc-200 hover:shadow-sm'}`}
> 172 |           <div className="flex items-center gap-2 bg-zinc-100 dark:bg-zinc-900 p-1 rounded-lg border dark:border-zinc-800">
      |           ^
  173 |             <button
  174 |               onClick={handleRun}
  175 |               disabled={isRunning}

Expression expected

Import trace:
  Server Component:
    ./src/app/(dashboard)/dashboard/programming/[problemId]/CodeWorkspace.tsx
    ./src/app/(dashboard)/dashboard/programming/[problemId]/page.tsx


./src/app/actions/import-questions.ts:5:13
Module not found: Can't resolve 'pdf-parse'
  3 | import { GoogleGenerativeAI } from "@google/generative-ai";
  4 | import * as XLSX from "xlsx";
> 5 | const pdf = require("pdf-parse");
    |             ^^^^^^^^^^^^^^^^^^^^
  6 |
  7 | // Initialize Gemini
  8 | const genAI = new GoogleGenerativeAI(process.env.GEMINI_API_KEY || "");



https://nextjs.org/docs/messages/module-not-found


./src/actions/parse-resume.ts:4:1
Module not found: Can't resolve 'pdf2json'
  2 |
  3 | import { GoogleGenerativeAI } from "@google/generative-ai";
> 4 | import PDFParser from "pdf2json";
    | ^^^^^^^^^^^^^^^^^^^^^^^^^^^^^^^^^
  5 |
  6 | export async function parseResumeWithGemini(formData: FormData) {
  7 |     // 1. SECURITY CHECK



https://nextjs.org/docs/messages/module-not-found


    at <unknown> (./src/app/(dashboard)/dashboard/programming/[problemId]/CodeWorkspace.tsx:172:11)
    at <unknown> (./src/app/actions/import-questions.ts:5:13)
    at <unknown> (https://nextjs.org/docs/messages/module-not-found)
    at <unknown> (./src/actions/parse-resume.ts:4:1)
    at <unknown> (https://nextjs.org/docs/messages/module-not-found)
